[lcoyearth.framer.website/index.html]
[backblue.gif]
[fade.gif]
[index.html]
[framerusercontent.com/sites/icons/default-favicon.v3.png]
[framerusercontent.com/images/TO7gCSWeT64ICKrdSyluwmGpT0.jpg]
[framerusercontent.com/images/3UhCXierbUi8jPF9UUQ8asaJNi0.png]
[lcoyearth.framer.website/resources.html]
[framerusercontent.com/images/FuvHgpTdoCsyPeNhKW6j7Shrfc.jpg]
[framerusercontent.com/images/wSXXwujpJOBwpsJR60qcvQiNO8.jpg]
[lcoyearth.framer.website/index.html]
[lcoyearth.framer.website/&apos;data_image/svg+xml;utf8,_svg xmlns=_http_/www.w3.org/2000/svg_ xmlns_xlink=_http_/www.w3.org/1999/xlink_ viewBox=_0 0 14 14___path d=_M 3 5.5 L 7/path__/svg_&apos;.html]
[framerusercontent.com/images/1PoIaLiJfp7jGdlQefMcY6TwRwbf23.jpg]
[lcoyearth.framer.website/resources.html]
[lcoyearth.framer.website/&apos;data_image/svg+xml;utf8,_svg xmlns=_http_/www.w3.org/2000/svg_ xmlns_xlink=_http_/www.w3.org/1999/xlink_ viewBox=_0 0 20 20___g__defs__path d=_M/path__clip/defs__use xlink_href=_#]
[lcoyearth.framer.website/&apos;data_image/svg+xml;utf8,_svg xmlns=_http_/www.w3.org/2000/svg_ xmlns_xlink=_http_/www.w3.org/1999/xlink_ viewBox=_0 0 20 20___g__defs__path d=_M/path__clip/defs__use xlink_href=_#-2]
[lcoyearth.framer.website/&apos;data_image/svg+xml;utf8,_svg xmlns=_http_/www.w3.org/2000/svg_ xmlns_xlink=_http_/www.w3.org/1999/xlink_ viewBox=_0 0 20 20___g__defs__path d=_M/path__clip/defs__use xlink_href=_#-3]
[lcoyearth.framer.website/&apos;data_image/svg+xml;utf8,_svg xmlns=_http_/www.w3.org/2000/svg_ xmlns_xlink=_http_/www.w3.org/1999/xlink_ viewBox=_0 0 20 20___g__defs__path d=_M/path__clip/defs__use xlink_href=_#-4]
[lcoyearth.framer.website/&apos;data_image/svg+xml;utf8,_svg xmlns=_http_/www.w3.org/2000/svg_ xmlns_xlink=_http_/www.w3.org/1999/xlink_ viewBox=_0 0 20 20___g__defs__path d=_M/path__clip/defs__use xlink_href=_#-5]
[lcoyearth.framer.website/&apos;data_image/svg+xml;utf8,_svg xmlns=_http_/www.w3.org/2000/svg_ xmlns_xlink=_http_/www.w3.org/1999/xlink_ viewBox=_0 0 20 20___g__defs__path d=_M/path__clip/defs__use xlink_href=_#-6]
